C:\Users\hassa\Downloads\javafx-main\javafx-main\smartcity\smartcity\src\main\java\controllers\transportetbillet\EditTransportController.java
C:\Users\hassa\Downloads\javafx-main\javafx-main\smartcity\smartcity\src\main\java\services\BilletService.java
C:\Users\hassa\Downloads\javafx-main\javafx-main\smartcity\smartcity\src\main\java\entities\Role.java
C:\Users\hassa\Downloads\javafx-main\javafx-main\smartcity\smartcity\src\main\java\services\Config.java
C:\Users\hassa\Downloads\javafx-main\javafx-main\smartcity\smartcity\src\main\java\services\TourismeService.java
C:\Users\hassa\Downloads\javafx-main\javafx-main\smartcity\smartcity\src\main\java\controllers\tourismeEtReclamation\ReclamationListController.java
C:\Users\hassa\Downloads\javafx-main\javafx-main\smartcity\smartcity\src\main\java\entities\DemandeService.java
C:\Users\hassa\Downloads\javafx-main\javafx-main\smartcity\smartcity\src\main\java\entities\Reclamation.java
C:\Users\hassa\Downloads\javafx-main\javafx-main\smartcity\smartcity\src\main\java\services\EmailService.java
C:\Users\hassa\Downloads\javafx-main\javafx-main\smartcity\smartcity\src\main\java\controllers\user\RegisterController.java
C:\Users\hassa\Downloads\javafx-main\javafx-main\smartcity\smartcity\src\main\java\entities\Transport.java
C:\Users\hassa\Downloads\javafx-main\javafx-main\smartcity\smartcity\src\main\java\controllers\tourismeEtReclamation\TourismeListController.java
C:\Users\hassa\Downloads\javafx-main\javafx-main\smartcity\smartcity\src\main\java\controllers\tourismeEtReclamation\AddTourismeController.java
C:\Users\hassa\Downloads\javafx-main\javafx-main\smartcity\smartcity\src\main\java\services\TwilioService.java
C:\Users\hassa\Downloads\javafx-main\javafx-main\smartcity\smartcity\src\main\java\controllers\eventetloisir\EditLoisirController.java
C:\Users\hassa\Downloads\javafx-main\javafx-main\smartcity\smartcity\src\main\java\controllers\centreetresrvation\EditReservationController.java
C:\Users\hassa\Downloads\javafx-main\javafx-main\smartcity\smartcity\src\main\java\controllers\user\LoginController.java
C:\Users\hassa\Downloads\javafx-main\javafx-main\smartcity\smartcity\src\main\java\controllers\transportetbillet\TransportCatalogue.java
C:\Users\hassa\Downloads\javafx-main\javafx-main\smartcity\smartcity\src\main\java\controllers\WeatherController.java
C:\Users\hassa\Downloads\javafx-main\javafx-main\smartcity\smartcity\src\main\java\services\GeocodingService.java
C:\Users\hassa\Downloads\javafx-main\javafx-main\smartcity\smartcity\src\main\java\controllers\centreetresrvation\EditCentreController.java
C:\Users\hassa\Downloads\javafx-main\javafx-main\smartcity\smartcity\src\main\java\controllers\eventetloisir\LoisirListControllerback.java
C:\Users\hassa\Downloads\javafx-main\javafx-main\smartcity\smartcity\src\main\java\controllers\serviceetdemande\ServiceCardController.java
C:\Users\hassa\Downloads\javafx-main\javafx-main\smartcity\smartcity\src\main\java\entities\Billet.java
C:\Users\hassa\Downloads\javafx-main\javafx-main\smartcity\smartcity\src\main\java\controllers\transportetbillet\BilletReservationController.java
C:\Users\hassa\Downloads\javafx-main\javafx-main\smartcity\smartcity\src\main\java\controllers\layouts\AdminSidebarController.java
C:\Users\hassa\Downloads\javafx-main\javafx-main\smartcity\smartcity\src\main\java\controllers\transportetbillet\BilletCatalogueController.java
C:\Users\hassa\Downloads\javafx-main\javafx-main\smartcity\smartcity\src\main\java\controllers\layouts\UserSidebarController.java
C:\Users\hassa\Downloads\javafx-main\javafx-main\smartcity\smartcity\src\main\java\controllers\user\EditUserController.java
C:\Users\hassa\Downloads\javafx-main\javafx-main\smartcity\smartcity\src\main\java\org\example\Main.java
C:\Users\hassa\Downloads\javafx-main\javafx-main\smartcity\smartcity\src\main\java\entities\Service.java
C:\Users\hassa\Downloads\javafx-main\javafx-main\smartcity\smartcity\src\main\java\controllers\tourismeEtReclamation\TourismeListUserController.java
C:\Users\hassa\Downloads\javafx-main\javafx-main\smartcity\smartcity\src\main\java\entities\Tourisme.java
C:\Users\hassa\Downloads\javafx-main\javafx-main\smartcity\smartcity\src\main\java\controllers\serviceetdemande\DemandeServiceListController.java
C:\Users\hassa\Downloads\javafx-main\javafx-main\smartcity\smartcity\src\main\java\controllers\transportetbillet\AddTransportController.java
C:\Users\hassa\Downloads\javafx-main\javafx-main\smartcity\smartcity\src\main\java\services\ServiceService.java
C:\Users\hassa\Downloads\javafx-main\javafx-main\smartcity\smartcity\src\main\java\services\ReclamationService.java
C:\Users\hassa\Downloads\javafx-main\javafx-main\smartcity\smartcity\src\main\java\services\EvenementService.java
C:\Users\hassa\Downloads\javafx-main\javafx-main\smartcity\smartcity\src\main\java\services\GeminiService.java
C:\Users\hassa\Downloads\javafx-main\javafx-main\smartcity\smartcity\src\main\java\controllers\centreetresrvation\CentreMedicaleListController.java
C:\Users\hassa\Downloads\javafx-main\javafx-main\smartcity\smartcity\src\main\java\entities\Loisir.java
C:\Users\hassa\Downloads\javafx-main\javafx-main\smartcity\smartcity\src\main\java\controllers\centreetresrvation\ReservationListController.java
C:\Users\hassa\Downloads\javafx-main\javafx-main\smartcity\smartcity\src\main\java\entities\Evenement.java
C:\Users\hassa\Downloads\javafx-main\javafx-main\smartcity\smartcity\src\main\java\controllers\serviceetdemande\ServiceDetailController.java
C:\Users\hassa\Downloads\javafx-main\javafx-main\smartcity\smartcity\src\main\java\controllers\serviceetdemande\ServiceRequestController.java
C:\Users\hassa\Downloads\javafx-main\javafx-main\smartcity\smartcity\src\main\java\entities\User.java
C:\Users\hassa\Downloads\javafx-main\javafx-main\smartcity\smartcity\src\main\java\controllers\eventetloisir\EventListBack.java
C:\Users\hassa\Downloads\javafx-main\javafx-main\smartcity\smartcity\src\main\java\controllers\eventetloisir\LoisirListController.java
C:\Users\hassa\Downloads\javafx-main\javafx-main\smartcity\smartcity\src\main\java\controllers\user\ForgotPasswordController.java
C:\Users\hassa\Downloads\javafx-main\javafx-main\smartcity\smartcity\src\main\java\controllers\dashboards\Dashboard2Controller.java
C:\Users\hassa\Downloads\javafx-main\javafx-main\smartcity\smartcity\src\main\java\services\DemandeServiceService.java
C:\Users\hassa\Downloads\javafx-main\javafx-main\smartcity\smartcity\src\main\java\controllers\serviceetdemande\AddServiceController.java
C:\Users\hassa\Downloads\javafx-main\javafx-main\smartcity\smartcity\src\main\java\controllers\serviceetdemande\Frontdemandeservice.java
C:\Users\hassa\Downloads\javafx-main\javafx-main\smartcity\smartcity\src\main\java\controllers\serviceetdemande\ServiceListControllerBack.java
C:\Users\hassa\Downloads\javafx-main\javafx-main\smartcity\smartcity\src\main\java\controllers\serviceetdemande\ServiceListController.java
C:\Users\hassa\Downloads\javafx-main\javafx-main\smartcity\smartcity\src\main\java\controllers\tourismeEtReclamation\AddReclamationController.java
C:\Users\hassa\Downloads\javafx-main\javafx-main\smartcity\smartcity\src\main\java\controllers\centreetresrvation\CentreMedicaleController.java
C:\Users\hassa\Downloads\javafx-main\javafx-main\smartcity\smartcity\src\main\java\controllers\dashboards\DashboardMedicsController.java
C:\Users\hassa\Downloads\javafx-main\javafx-main\smartcity\smartcity\src\main\java\controllers\eventetloisir\AddEventController.java
C:\Users\hassa\Downloads\javafx-main\javafx-main\smartcity\smartcity\src\main\java\controllers\eventetloisir\MapController.java
C:\Users\hassa\Downloads\javafx-main\javafx-main\smartcity\smartcity\src\main\java\org\example\MainFx.java
C:\Users\hassa\Downloads\javafx-main\javafx-main\smartcity\smartcity\src\main\java\controllers\loisiretevent\Eventlistfront.java
C:\Users\hassa\Downloads\javafx-main\javafx-main\smartcity\smartcity\src\main\java\controllers\loisiretevent\eventlistback.java
C:\Users\hassa\Downloads\javafx-main\javafx-main\smartcity\smartcity\src\main\java\services\LoisirService.java
C:\Users\hassa\Downloads\javafx-main\javafx-main\smartcity\smartcity\src\main\java\services\PaymentService.java
C:\Users\hassa\Downloads\javafx-main\javafx-main\smartcity\smartcity\src\main\java\controllers\user\ForgotPassword.java
C:\Users\hassa\Downloads\javafx-main\javafx-main\smartcity\smartcity\src\main\java\services\CentreMedicaleService.java
C:\Users\hassa\Downloads\javafx-main\javafx-main\smartcity\smartcity\src\main\java\controllers\user\AdminSidebar.java
C:\Users\hassa\Downloads\javafx-main\javafx-main\smartcity\smartcity\src\main\java\entities\SessionManager.java
C:\Users\hassa\Downloads\javafx-main\javafx-main\smartcity\smartcity\src\main\java\controllers\centreetresrvation\ReservationController.java
C:\Users\hassa\Downloads\javafx-main\javafx-main\smartcity\smartcity\src\main\java\controllers\dashboards\Dashboard3Controller.java
C:\Users\hassa\Downloads\javafx-main\javafx-main\smartcity\smartcity\src\main\java\services\RendezVousService.java
C:\Users\hassa\Downloads\javafx-main\javafx-main\smartcity\smartcity\src\main\java\controllers\eventetloisir\EditEventController.java
C:\Users\hassa\Downloads\javafx-main\javafx-main\smartcity\smartcity\src\main\java\controllers\serviceetdemande\EditDemandeController.java
C:\Users\hassa\Downloads\javafx-main\javafx-main\smartcity\smartcity\src\main\java\services\UserService.java
C:\Users\hassa\Downloads\javafx-main\javafx-main\smartcity\smartcity\src\main\java\controllers\eventetloisir\CalendarData.java
C:\Users\hassa\Downloads\javafx-main\javafx-main\smartcity\smartcity\src\main\java\controllers\StripeController.java
C:\Users\hassa\Downloads\javafx-main\javafx-main\smartcity\smartcity\src\main\java\controllers\dashboards\DashboardPatientsController.java
C:\Users\hassa\Downloads\javafx-main\javafx-main\smartcity\smartcity\src\main\java\controllers\tourismeEtReclamation\EditTourismeController.java
C:\Users\hassa\Downloads\javafx-main\javafx-main\smartcity\smartcity\src\main\java\controllers\eventetloisir\CalendarController.java
C:\Users\hassa\Downloads\javafx-main\javafx-main\smartcity\smartcity\src\main\java\services\CrudInterface.java
C:\Users\hassa\Downloads\javafx-main\javafx-main\smartcity\smartcity\src\main\java\entities\RendezVous.java
C:\Users\hassa\Downloads\javafx-main\javafx-main\smartcity\smartcity\src\main\java\services\TransportService.java
C:\Users\hassa\Downloads\javafx-main\javafx-main\smartcity\smartcity\src\main\java\controllers\eventetloisir\EventListController.java
C:\Users\hassa\Downloads\javafx-main\javafx-main\smartcity\smartcity\src\main\java\controllers\user\UserListController.java
C:\Users\hassa\Downloads\javafx-main\javafx-main\smartcity\smartcity\src\main\java\services\WeatherService.java
C:\Users\hassa\Downloads\javafx-main\javafx-main\smartcity\smartcity\src\main\java\controllers\transportetbillet\TransportCatalogueBack.java
C:\Users\hassa\Downloads\javafx-main\javafx-main\smartcity\smartcity\src\main\java\controllers\user\ProfileController.java
C:\Users\hassa\Downloads\javafx-main\javafx-main\smartcity\smartcity\src\main\java\services\WeatherController.java
C:\Users\hassa\Downloads\javafx-main\javafx-main\smartcity\smartcity\src\main\java\entities\CentreMedicale.java
C:\Users\hassa\Downloads\javafx-main\javafx-main\smartcity\smartcity\src\main\java\utilities\Myconnection.java
C:\Users\hassa\Downloads\javafx-main\javafx-main\smartcity\smartcity\src\main\java\controllers\user\GeminiChatController.java
C:\Users\hassa\Downloads\javafx-main\javafx-main\smartcity\smartcity\src\main\java\controllers\transportetbillet\BilletEditController.java
C:\Users\hassa\Downloads\javafx-main\javafx-main\smartcity\smartcity\src\main\java\controllers\dashboards\AdminDashboardController.java
C:\Users\hassa\Downloads\javafx-main\javafx-main\smartcity\smartcity\src\main\java\controllers\centreetresrvation\AddCentre.java
C:\Users\hassa\Downloads\javafx-main\javafx-main\smartcity\smartcity\src\main\java\controllers\eventetloisir\EventCalendarController.java
C:\Users\hassa\Downloads\javafx-main\javafx-main\smartcity\smartcity\src\main\java\controllers\tourismeEtReclamation\EditReclamationController.java
