services\TransportService.class
controllers\tourismeEtReclamation\TourismeListUserController.class
services\ServiceService.class
controllers\tourismeEtReclamation\AddTourismeController.class
controllers\transportetbillet\BilletEditController.class
controllers\eventetloisir\MapController.class
controllers\user\LoginController.class
services\Config.class
services\DemandeServiceService.class
controllers\serviceetdemande\ServiceDetailController.class
controllers\eventetloisir\CalendarData.class
controllers\user\ForgotPassword.class
controllers\user\LoginController$1.class
entities\Billet.class
controllers\dashboards\Dashboard2Controller.class
controllers\user\ProfileController.class
controllers\eventetloisir\EditLoisirController.class
controllers\user\UserListController.class
services\ReclamationService.class
services\CrudInterface.class
controllers\serviceetdemande\EditDemandeController.class
controllers\user\AdminSidebar.class
controllers\eventetloisir\AddEventController.class
controllers\serviceetdemande\ServiceCardController.class
controllers\serviceetdemande\ServiceRequestController.class
services\EmailService$2.class
controllers\dashboards\DashboardPatientsController.class
entities\DemandeService.class
controllers\tourismeEtReclamation\AddReclamationController.class
services\WeatherService.class
controllers\eventetloisir\AddEventController$1.class
controllers\serviceetdemande\AddServiceController.class
services\WeatherController.class
controllers\centreetresrvation\ReservationController.class
controllers\user\RegisterController.class
services\TourismeService.class
services\UserService.class
controllers\eventetloisir\LoisirListController.class
org\example\MainFx.class
services\EmailService$1.class
services\GeocodingService.class
entities\Loisir.class
controllers\tourismeEtReclamation\TourismeListController.class
controllers\eventetloisir\CalendarController.class
controllers\layouts\UserSidebarController.class
controllers\user\EditUserController.class
controllers\tourismeEtReclamation\ReclamationListController.class
controllers\transportetbillet\BilletReservationController.class
controllers\WeatherController.class
controllers\centreetresrvation\EditReservationController.class
org\example\Main.class
controllers\StripeController.class
controllers\layouts\AdminSidebarController.class
controllers\tourismeEtReclamation\EditReclamationController.class
entities\SessionManager.class
services\LoisirService.class
controllers\eventetloisir\EventCalendarController.class
controllers\serviceetdemande\ServiceListController.class
entities\Evenement.class
controllers\eventetloisir\EventListController.class
entities\Service.class
entities\Reclamation.class
utilities\Myconnection.class
controllers\transportetbillet\AddTransportController.class
controllers\dashboards\Dashboard3Controller.class
services\PaymentService.class
services\EmailService.class
controllers\eventetloisir\CalendarController$1.class
controllers\centreetresrvation\CentreMedicaleController.class
controllers\eventetloisir\EditEventController.class
controllers\tourismeEtReclamation\EditTourismeController.class
services\BilletService.class
entities\Tourisme.class
controllers\transportetbillet\BilletCatalogueController.class
services\EvenementService.class
controllers\eventetloisir\LoisirListControllerback.class
controllers\serviceetdemande\ServiceListControllerBack.class
services\RendezVousService.class
controllers\transportetbillet\EditTransportController.class
entities\RendezVous.class
controllers\centreetresrvation\EditCentreController.class
controllers\serviceetdemande\DemandeServiceListController.class
controllers\user\ForgotPasswordController.class
services\GeminiService.class
controllers\centreetresrvation\AddCentre.class
entities\User.class
controllers\user\GeminiChatController.class
controllers\centreetresrvation\ReservationListController.class
entities\Role.class
controllers\centreetresrvation\CentreMedicaleListController.class
entities\CentreMedicale.class
services\CentreMedicaleService.class
services\TwilioService.class
controllers\dashboards\AdminDashboardController.class
controllers\transportetbillet\TransportCatalogue.class
controllers\serviceetdemande\ServiceRequestController$1.class
controllers\transportetbillet\TransportCatalogueBack.class
entities\Transport.class
controllers\dashboards\DashboardMedicsController.class
